[debug] [2026-09-24T15:10:19.787Z] ----------------------------------------------------------------------
[debug] [2026-09-24T15:10:19.790Z] Command:       C:\nvm4w\nodejs\node.exe C:\Users\guill\AppData\Roaming\npm\node_modules\firebase-tools\lib\bin\firebase.js init functions
[debug] [2026-09-24T15:10:19.790Z] CLI Version:   15.31.0
[debug] [2026-09-24T15:10:19.790Z] Platform:      win32
[debug] [2026-09-24T15:10:19.790Z] Node Version:  v24.19.0
[debug] [2026-09-24T15:10:19.790Z] Detected Agent: unknown
[debug] [2026-09-24T15:10:19.790Z] Time:          Thu Sep 24 2026 09:10:19 GMT-0600 (hora estándar central)
[debug] [2026-09-24T15:10:19.790Z] ----------------------------------------------------------------------
[debug] 
[info] 
     ######## #### ########  ######## ########     ###     ######  ########
     ##        ##  ##     ## ##       ##     ##  ##   ##  ##       ##
     ######    ##  ########  ######   ########  #########  ######  ######
     ##        ##  ##    ##  ##       ##     ## ##     ##       ## ##
     ##       #### ##     ## ######## ########  ##     ##  ######  ########

You're about to initialize a Firebase project in this directory:

  C:\Users\guill\Desktop\Practicas\aulaplan

Before we get started, keep in mind:

  * You are initializing within an existing Firebase project directory

[debug] [2026-09-24T15:10:26.153Z] ExitPromptError: User force closed the prompt with SIGINT
    at Interface.sigint (C:\Users\guill\AppData\Roaming\npm\node_modules\firebase-tools\node_modules\@inquirer\core\dist\commonjs\lib\create-prompt.js:101:37)
    at Interface.emit (node:events:509:28)
    at [_ttyWrite] [as _ttyWrite] (node:internal/readline/interface:1327:18)
    at ReadStream.onkeypress (node:internal/readline/interface:284:20)
    at ReadStream.emit (node:events:521:24)
    at emitKeys (node:internal/readline/utils:371:14)
    at emitKeys.next (<anonymous>)
    at ReadStream.onData (node:internal/readline/emitKeypressEvents:64:36)
    at ReadStream.emit (node:events:509:28)
    at addChunk (node:internal/streams/readable:563:12)
[error] 
[error] Error: An unexpected error has occurred.
